Checking for updates...
Checking for updates OK (source run)
Closing CheatBreaker...
ERROR: could not close CheatBreaker.exe - close it manually and rerun
Checking for updates...
Checking for updates OK
Closing CheatBreaker...
Closing CheatBreaker OK
Checking installation...
Checking installation OK
add user: 
Adding account "ggram9472"...
Adding account "ggram9472" OK
Patching launcher...
Patching launcher OK (already patched)
Patching game client...
Patching game client OK (1.7.10 (2 classes); 1.8.9 (17 classes))
Starting CheatBreaker...
Starting CheatBreaker OK
Checking for updates...
Checking for updates OK
Closing CheatBreaker...
ERROR: could not close CheatBreaker.exe - close it manually and rerun
Checking for updates...
Checking for updates OK
Closing CheatBreaker...
Closing CheatBreaker OK
Checking installation...
Checking installation OK
add user: 
Adding account "asveac1223"...
Adding account "asveac1223" OK
Patching launcher...
Patching launcher OK (already patched)
Patching game client...
Patching game client OK (1.7.10 (2 classes); 1.8.9 (17 classes))
Starting CheatBreaker...
Starting CheatBreaker OK
Checking for updates...
Checking for updates OK
Closing CheatBreaker...
Closing CheatBreaker OK
Checking installation...
Checking installation OK
add user: 
Adding account "uqjnrf7248"...
Adding account "uqjnrf7248" OK
Patching launcher...
Patching launcher OK (already patched)
Patching game client...
Patching game client OK (1.7.10 (2 classes); 1.8.9 (17 classes))
Starting CheatBreaker...
Starting CheatBreaker OK
Checking for updates...
Checking for updates OK
Closing CheatBreaker...
Closing CheatBreaker OK
Checking installation...
Checking installation OK
add user: 
Adding account "kfgc751"...
Adding account "kfgc751" OK
Patching launcher...
Patching launcher OK (already patched)
Patching game client...
Patching game client OK (1.7.10 (2 classes); 1.8.9 (17 classes))
Starting CheatBreaker...
Starting CheatBreaker OK
Checking for updates...
Checking for updates OK
Closing CheatBreaker...
Closing CheatBreaker OK
Checking installation...
Checking installation OK
add user: 
Adding account "cpqmfu154"...
Adding account "cpqmfu154" OK
Patching launcher...
syntax gate (renderer): node v24.15.0
syntax gate (write-file-atomic): node v24.15.0
Patching launcher... 1 patches
Patching launcher OK
Patching game client...
Patching game client OK (1.7.10 (2 classes); 1.8.9 (17 classes))
Starting CheatBreaker...
Starting CheatBreaker OK
